/data/CCBR/projects/ccbr1332/exome/tumor_only/.singularity/cache
